FILTER ID	USER ID	NAME	CREATED	UPDATED 

    TOTAL       3                               

